// 重构日志: 675397ee
// 重构日志: d988c389
// 重构日志: a8a59559
// 同步 ID: 664be274 @ Fri Jul 24 12:45:26 UTC 2026
// 同步 ID: 6a37cedd @ Sun Jul 26 01:34:20 UTC 2026
// 同步 ID: b2c26229 @ Mon Jul 27 04:13:16 UTC 2026
// 重构日志: 2771eb11
// 重构日志: a6307821
// 重构日志: 0b2691f5
// 重构日志: f396acfd
// 同步 ID: 3734c1c0 @ Wed Jul 29 00:46:53 UTC 2026
// 重构日志: 5b689566
// 同步 ID: fd9d7dc7 @ Wed Jul 29 07:12:52 UTC 2026
// 同步 ID: b535baa7 @ Wed Jul 29 15:46:49 UTC 2026
// 同步 ID: c29533df @ Thu Jul 30 23:15:47 UTC 2026
// 同步 ID: 4d20e24a @ Fri Jul 31 18:07:16 UTC 2026
// 同步 ID: 898586c5 @ Sat Aug  1 04:08:01 UTC 2026
// 同步 ID: a2eb423b @ Sat Aug  1 12:18:51 UTC 2026
// 重构日志: 26c37955
// 重构日志: 87d401cb
// 同步 ID: c60c7555 @ Mon Aug  3 09:14:32 UTC 2026
// 重构日志: d3106138
// 重构日志: bda222bc
// 同步 ID: 0ebf783c @ Wed Aug  5 07:22:40 UTC 2026
// 同步 ID: 5bbc2321 @ Wed Aug  5 15:49:50 UTC 2026
// 同步 ID: 16c5492a @ Fri Aug  7 04:27:47 UTC 2026
// 重构日志: 6847cae3
// 同步 ID: e3eb7863 @ Fri Aug  7 11:40:03 UTC 2026
// 重构日志: dc683e94
// 同步 ID: 7c288926 @ Fri Aug  7 16:18:28 UTC 2026
